 windows32

 Timestamp is 6141482b (Tue Sep 14 21:11:07 2021)

 Preferred load address is 00400000

 Start         Length     Name                   Class
 0001:00000000 00010000H .textbss                DATA
 0002:00000000 000059a3H .text$mn                CODE
 0003:00000000 00000104H .CRT$XCA                DATA
 0003:00000104 00000104H .CRT$XCAA               DATA
 0003:00000208 00000104H .CRT$XCZ                DATA
 0003:0000030c 00000104H .CRT$XIA                DATA
 0003:00000410 00000104H .CRT$XIAA               DATA
 0003:00000514 00000104H .CRT$XIAC               DATA
 0003:00000618 00000104H .CRT$XIZ                DATA
 0003:0000071c 00000104H .CRT$XPA                DATA
 0003:00000820 00000104H .CRT$XPZ                DATA
 0003:00000924 00000104H .CRT$XTA                DATA
 0003:00000a28 00000108H .CRT$XTZ                DATA
 0003:00000b30 00000c2cH .rdata                  DATA
 0003:0000175c 000001a4H .rdata$zzzdbg           DATA
 0003:00001900 00000104H .rtc$IAA                DATA
 0003:00001a04 00000104H .rtc$IMZ                DATA
 0003:00001b08 00000104H .rtc$IZZ                DATA
 0003:00001c0c 00000104H .rtc$TAA                DATA
 0003:00001d10 00000104H .rtc$TMZ                DATA
 0003:00001e14 00000104H .rtc$TZZ                DATA
 0003:00001f18 00000169H .xdata$x                DATA
 0003:00002081 00000000H .edata                  DATA
 0004:00000000 000002d0H .data                   DATA
 0004:000002d0 000006c8H .bss                    DATA
 0005:00000000 00000200H .idata$5                DATA
 0005:00000200 00000050H .idata$2                DATA
 0005:00000250 00000014H .idata$3                DATA
 0005:00000264 00000200H .idata$4                DATA
 0005:00000464 00000753H .idata$6                DATA
 0006:00000000 00000109H .00cfg                  DATA
 0007:00000000 000001c0H .rsrc$01                DATA
 0007:000001c0 00000396H .rsrc$02                DATA

  Address         Publics by Value              Rva+Base       Lib:Object

 0000:00000000       ___enclave_config          00000000     <absolute>
 0000:00000000       ___volatile_metadata       00000000     <absolute>
 0000:00000000       ___safe_se_handler_table   00000000     <absolute>
 0000:00000000       ___hybrid_code_map         00000000     <absolute>
 0000:00000000       ___dynamic_value_reloc_table 00000000     <absolute>
 0000:00000000       ___guard_eh_cont_table     00000000     <absolute>
 0000:00000000       ___arm64x_native_entrypoint 00000000     <absolute>
 0000:00000000       ___AbsoluteZero            00000000     <absolute>
 0000:00000000       ___guard_iat_table         00000000     <absolute>
 0000:00000000       ___safe_se_handler_count   00000000     <absolute>
 0000:00000000       ___guard_longjmp_count     00000000     <absolute>
 0000:00000000       ___guard_fids_table        00000000     <absolute>
 0000:00000000       ___hybrid_auxiliary_iat    00000000     <absolute>
 0000:00000000       ___guard_longjmp_table     00000000     <absolute>
 0000:00000000       ___arm64x_redirection_metadata 00000000     <absolute>
 0000:00000000       ___guard_eh_cont_count     00000000     <absolute>
 0000:00000000       ___x64_code_ranges_to_entry_points 00000000     <absolute>
 0000:00000000       ___guard_iat_count         00000000     <absolute>
 0000:00000000       ___guard_fids_count        00000000     <absolute>
 0000:00000000       ___hybrid_code_map_count   00000000     <absolute>
 0000:00000100       ___guard_flags             00000100     <absolute>
 0000:00000000       ___ImageBase               00400000     <linker-defined>
 0001:00000000       __enc$textbss$begin        00401000     <linker-defined>
 0001:00010000       __enc$textbss$end          00411000     <linker-defined>
 0002:00000760       _DlgProc@16                00411760 f   framework.obj
 0002:00000940       _WinMain@16                00411940 f   framework.obj
 0002:000009a0       _getInput                  004119a0 f   framework.obj
 0002:00000a70       _showOutput                00411a70 f   framework.obj
 0002:00000ad0       _MainProc                  00411ad0 f   example.obj
 0002:00000db0       wtoaproc                   00411db0 f   io.obj
 0002:00000e1d       dtoaproc                   00411e1d f   io.obj
 0002:00000e98       atowproc                   00411e98 f   io.obj
 0002:00000ef4       atodproc                   00411ef4 f   io.obj
 0002:00000fb6       _DialogBoxParamA@20        00411fb6 f   user32:USER32.dll
 0002:00000fbc       _EndDialog@8               00411fbc f   user32:USER32.dll
 0002:00000fc2       _GetDlgItem@8              00411fc2 f   user32:USER32.dll
 0002:00000fc8       _SetDlgItemTextA@12        00411fc8 f   user32:USER32.dll
 0002:00000fce       _GetDlgItemTextA@16        00411fce f   user32:USER32.dll
 0002:00000fd4       _GetWindowTextLengthA@4    00411fd4 f   user32:USER32.dll
 0002:00000fda       _MessageBoxA@16            00411fda f   user32:USER32.dll
 0002:00000fe0       ___raise_securityfailure   00411fe0 f   MSVCRTD:gs_report.obj
 0002:00001020       ___report_gsfailure        00412020 f   MSVCRTD:gs_report.obj
 0002:00001170       ___report_rangecheckfailure 00412170 f   MSVCRTD:gs_report.obj
 0002:00001180       ___report_securityfailure  00412180 f   MSVCRTD:gs_report.obj
 0002:00001290       ___report_securityfailureEx 00412290 f   MSVCRTD:gs_report.obj
 0002:00001400       @_RTC_AllocaHelper@12      00412400 f   MSVCRTD:stack.obj
 0002:00001440       @_RTC_CheckStackVars2@12   00412440 f   MSVCRTD:stack.obj
 0002:00001550       @_RTC_CheckStackVars@8     00412550 f   MSVCRTD:stack.obj
 0002:000015c0       __RTC_CheckEsp             004125c0 f   MSVCRTD:stack.obj
 0002:00001600       __CRT_RTC_INIT             00412600 f   MSVCRTD:init.obj
 0002:00001610       __CRT_RTC_INITW            00412610 f   MSVCRTD:init.obj
 0002:00001620       __RTC_InitBase             00412620 f   MSVCRTD:init.obj
 0002:00001660       __RTC_Shutdown             00412660 f   MSVCRTD:init.obj
 0002:00001a50       ?configure_argv@__scrt_narrow_argv_policy@@SAHXZ 00412a50 f i MSVCRTD:exe_winmain.obj
 0002:00001a70       ?initialize_environment@__scrt_narrow_environment_policy@@SAHXZ 00412a70 f i MSVCRTD:exe_winmain.obj
 0002:00001ac0       ?set_app_type@__scrt_winmain_policy@@SAXXZ 00412ac0 f i MSVCRTD:exe_winmain.obj
 0002:00001ae0       ?set_commode@__scrt_file_policy@@SAXXZ 00412ae0 f i MSVCRTD:exe_winmain.obj
 0002:00001b00       ?set_fmode@__scrt_file_policy@@SAXXZ 00412b00 f i MSVCRTD:exe_winmain.obj
 0002:00001b20       _WinMainCRTStartup         00412b20 f   MSVCRTD:exe_winmain.obj
 0002:00001be0       ?_RTC_AllocaFailure@@YAXPAXPAU_RTC_ALLOCA_NODE@@H@Z 00412be0 f   MSVCRTD:error.obj
 0002:00001d00       ?_RTC_Failure@@YAXPAXH@Z   00412d00 f   MSVCRTD:error.obj
 0002:00001d70       ?_RTC_StackFailure@@YAXPAXPBD@Z 00412d70 f   MSVCRTD:error.obj
 0002:00002220       __RTC_UninitUse            00413220 f   MSVCRTD:error.obj
 0002:00002300       ___local_stdio_printf_options 00413300 f i MSVCRTD:error.obj
 0002:00002310       __vsprintf_s_l             00413310 f i MSVCRTD:error.obj
 0002:00002350       _sprintf_s                 00413350 f i MSVCRTD:error.obj
 0002:00002380       ?_RTC_GetErrorFunc@@YAP6AHHPBDH00ZZPBX@Z 00413380 f   MSVCRTD:userapi.obj
 0002:00002390       ?_RTC_GetErrorFuncW@@YAP6AHHPB_WH00ZZPBX@Z 00413390 f   MSVCRTD:userapi.obj
 0002:000023a0       __RTC_GetErrDesc           004133a0 f   MSVCRTD:userapi.obj
 0002:000023c0       __RTC_NumErrors            004133c0 f   MSVCRTD:userapi.obj
 0002:000023d0       __RTC_SetErrorFunc         004133d0 f   MSVCRTD:userapi.obj
 0002:00002400       __RTC_SetErrorFuncW        00413400 f   MSVCRTD:userapi.obj
 0002:00002430       __RTC_SetErrorType         00413430 f   MSVCRTD:userapi.obj
 0002:000025a0       _NtCurrentTeb              004135a0 f i MSVCRTD:utility.obj
 0002:000025b0       ___scrt_acquire_startup_lock 004135b0 f   MSVCRTD:utility.obj
 0002:00002610       ___scrt_dllmain_after_initialize_c 00413610 f   MSVCRTD:utility.obj
 0002:00002650       ___scrt_dllmain_before_initialize_c 00413650 f   MSVCRTD:utility.obj
 0002:00002680       ___scrt_dllmain_crt_thread_attach 00413680 f   MSVCRTD:utility.obj
 0002:000026c0       ___scrt_dllmain_crt_thread_detach 004136c0 f   MSVCRTD:utility.obj
 0002:000026e0       ___scrt_dllmain_exception_filter 004136e0 f   MSVCRTD:utility.obj
 0002:00002740       ___scrt_dllmain_uninitialize_c 00413740 f   MSVCRTD:utility.obj
 0002:00002780       ___scrt_dllmain_uninitialize_critical 00413780 f   MSVCRTD:utility.obj
 0002:000027a0       ___scrt_initialize_crt     004137a0 f   MSVCRTD:utility.obj
 0002:00002800       ___scrt_initialize_onexit_tables 00413800 f   MSVCRTD:utility.obj
 0002:00002910       ___scrt_is_nonwritable_in_current_image 00413910 f   MSVCRTD:utility.obj
 0002:00002a90       ___scrt_release_startup_lock 00413a90 f   MSVCRTD:utility.obj
 0002:00002ac0       ___scrt_uninitialize_crt   00413ac0 f   MSVCRTD:utility.obj
 0002:00002b10       __onexit                   00413b10 f   MSVCRTD:utility.obj
 0002:00002b90       _at_quick_exit             00413b90 f   MSVCRTD:utility.obj
 0002:00002be0       _atexit                    00413be0 f   MSVCRTD:utility.obj
 0002:00002cb0       ___security_init_cookie    00413cb0 f   MSVCRTD:gs_support.obj
 0002:00002d50       __matherr                  00413d50 f   MSVCRTD:matherr.obj
 0002:00002d60       __get_startup_argv_mode    00413d60 f   MSVCRTD:argv_mode.obj
 0002:00002d70       __get_startup_commit_mode  00413d70 f   MSVCRTD:commit_mode.obj
 0002:00002d80       __get_startup_file_mode    00413d80 f   MSVCRTD:file_mode.obj
 0002:00002d90       __get_startup_new_mode     00413d90 f   MSVCRTD:new_mode.obj
 0002:00002da0       __get_startup_thread_locale_mode 00413da0 f   MSVCRTD:thread_locale.obj
 0002:00002db0       ?__scrt_initialize_type_info@@YAXXZ 00413db0 f   MSVCRTD:tncleanup.obj
 0002:00002dd0       ?__scrt_uninitialize_type_info@@YAXXZ 00413dd0 f   MSVCRTD:tncleanup.obj
 0002:00002df0       __should_initialize_environment 00413df0 f   MSVCRTD:env_mode.obj
 0002:00002e00       __initialize_default_precision 00413e00 f   MSVCRTD:default_precision.obj
 0002:00002e30       __initialize_invalid_parameter_handler 00413e30 f   MSVCRTD:invalid_parameter_handler.obj
 0002:00002e40       __initialize_denormal_control 00413e40 f   MSVCRTD:denormal_control.obj
 0002:00002e50       ___local_stdio_scanf_options 00413e50 f i MSVCRTD:default_local_stdio_options.obj
 0002:00002e60       ___scrt_initialize_default_local_stdio_options 00413e60 f   MSVCRTD:default_local_stdio_options.obj
 0002:00002eb0       ___scrt_is_user_matherr_present 00413eb0 f   MSVCRTD:matherr_detection.obj
 0002:00002ee0       ___scrt_get_dyn_tls_init_callback 00413ee0 f   MSVCRTD:dyn_tls_init.obj
 0002:00002ef0       ___scrt_get_dyn_tls_dtor_callback 00413ef0 f   MSVCRTD:dyn_tls_dtor.obj
 0002:00002f00       ___scrt_fastfail           00413f00 f   MSVCRTD:utility_desktop.obj
 0002:00003090       ___scrt_get_show_window_mode 00414090 f   MSVCRTD:utility_desktop.obj
 0002:000030e0       ___scrt_initialize_mta     004140e0 f   MSVCRTD:utility_desktop.obj
 0002:000030f0       ___scrt_initialize_winrt   004140f0 f   MSVCRTD:utility_desktop.obj
 0002:00003100       ___scrt_is_managed_app     00414100 f   MSVCRTD:utility_desktop.obj
 0002:000031b0       ___scrt_set_unhandled_exception_filter 004141b0 f   MSVCRTD:utility_desktop.obj
 0002:000031d0       ___scrt_stub_for_initialize_mta 004141d0 f   MSVCRTD:utility_desktop.obj
 0002:000031d0       ___scrt_exe_initialize_mta 004141d0 f   MSVCRTD:utility_desktop.obj
 0002:000031e0       ___scrt_unhandled_exception_filter@4 004141e0 f   MSVCRTD:utility_desktop.obj
 0002:00003280       __crt_debugger_hook        00414280 f   MSVCRTD:utility_desktop.obj
 0002:000032a0       __RTC_Initialize           004142a0 f   MSVCRTD:initsect.obj
 0002:000032e0       __RTC_Terminate            004142e0 f   MSVCRTD:initsect.obj
 0002:00003320       __except_handler4          00414320 f   MSVCRTD:chandler4gs.obj
 0002:00003370       @_guard_check_icall_nop@4  00414370 f i MSVCRTD:guard_support.obj
 0002:00003380       _ReadNoFence               00414380 f i MSVCRTD:guard_support.obj
 0002:000033a0       _ReadPointerNoFence        004143a0 f i MSVCRTD:guard_support.obj
 0002:000033c0       __guard_icall_checks_enforced 004143c0 f i MSVCRTD:guard_support.obj
 0002:00003990       ?_RTC_GetSrcLine@@YAHPAEPA_WKPAH1K@Z 00414990 f   MSVCRTD:pdblkup.obj
 0002:00003df0       @__security_check_cookie@4 00414df0 f   MSVCRTD:secchk.obj
 0002:00003e10       __except_handler4_noexcept 00414e10 f   MSVCRTD:chandler4_noexcept.obj
 0002:00003e90       ___isa_available_init      00414e90 f   MSVCRTD:cpu_disp.obj
 0002:00004290       ___scrt_is_ucrt_dll_in_use 00415290 f   MSVCRTD:ucrt_detection.obj
 0002:000042bd       ___std_type_info_destroy_list 004152bd f   vcruntimed:VCRUNTIME140D.dll
 0002:000042c3       ___current_exception       004152c3 f   vcruntimed:VCRUNTIME140D.dll
 0002:000042c9       ___current_exception_context 004152c9 f   vcruntimed:VCRUNTIME140D.dll
 0002:000042cf       _memset                    004152cf f   vcruntimed:VCRUNTIME140D.dll
 0002:000042d5       __except_handler4_common   004152d5 f   vcruntimed:VCRUNTIME140D.dll
 0002:000042db       ___vcrt_GetModuleFileNameW 004152db f   vcruntimed:VCRUNTIME140D.dll
 0002:000042e1       ___vcrt_GetModuleHandleW   004152e1 f   vcruntimed:VCRUNTIME140D.dll
 0002:000042e7       ___vcrt_LoadLibraryExW     004152e7 f   vcruntimed:VCRUNTIME140D.dll
 0002:000042ed       _strcpy                    004152ed f   ucrtd:ucrtbased.dll
 0002:000042f3       __CrtDbgReport             004152f3 f   ucrtd:ucrtbased.dll
 0002:000042f9       __CrtDbgReportW            004152f9 f   ucrtd:ucrtbased.dll
 0002:000042ff       __seh_filter_exe           004152ff f   ucrtd:ucrtbased.dll
 0002:00004305       __set_app_type             00415305 f   ucrtd:ucrtbased.dll
 0002:0000430b       ___setusermatherr          0041530b f   ucrtd:ucrtbased.dll
 0002:00004311       __configure_narrow_argv    00415311 f   ucrtd:ucrtbased.dll
 0002:00004317       __initialize_narrow_environment 00415317 f   ucrtd:ucrtbased.dll
 0002:0000431d       __get_narrow_winmain_command_line 0041531d f   ucrtd:ucrtbased.dll
 0002:00004323       __initterm                 00415323 f   ucrtd:ucrtbased.dll
 0002:00004329       __initterm_e               00415329 f   ucrtd:ucrtbased.dll
 0002:0000432f       _exit                      0041532f f   ucrtd:ucrtbased.dll
 0002:00004335       __exit                     00415335 f   ucrtd:ucrtbased.dll
 0002:0000433b       __set_fmode                0041533b f   ucrtd:ucrtbased.dll
 0002:00004341       __cexit                    00415341 f   ucrtd:ucrtbased.dll
 0002:00004347       __c_exit                   00415347 f   ucrtd:ucrtbased.dll
 0002:0000434d       __register_thread_local_exe_atexit_callback 0041534d f   ucrtd:ucrtbased.dll
 0002:00004353       __configthreadlocale       00415353 f   ucrtd:ucrtbased.dll
 0002:00004359       __set_new_mode             00415359 f   ucrtd:ucrtbased.dll
 0002:0000435f       ___p__commode              0041535f f   ucrtd:ucrtbased.dll
 0002:00004365       _strcpy_s                  00415365 f   ucrtd:ucrtbased.dll
 0002:0000436b       _strcat_s                  0041536b f   ucrtd:ucrtbased.dll
 0002:00004371       ___stdio_common_vsprintf_s 00415371 f   ucrtd:ucrtbased.dll
 0002:00004377       __seh_filter_dll           00415377 f   ucrtd:ucrtbased.dll
 0002:0000437d       __initialize_onexit_table  0041537d f   ucrtd:ucrtbased.dll
 0002:00004383       __register_onexit_function 00415383 f   ucrtd:ucrtbased.dll
 0002:00004389       __execute_onexit_table     00415389 f   ucrtd:ucrtbased.dll
 0002:0000438f       __crt_atexit               0041538f f   ucrtd:ucrtbased.dll
 0002:00004395       __crt_at_quick_exit        00415395 f   ucrtd:ucrtbased.dll
 0002:0000439b       __controlfp_s              0041539b f   ucrtd:ucrtbased.dll
 0002:000043a1       _terminate                 004153a1 f   ucrtd:ucrtbased.dll
 0002:000043a7       __wmakepath_s              004153a7 f   ucrtd:ucrtbased.dll
 0002:000043ad       __wsplitpath_s             004153ad f   ucrtd:ucrtbased.dll
 0002:000043b3       _wcscpy_s                  004153b3 f   ucrtd:ucrtbased.dll
 0002:000043b9       _UnhandledExceptionFilter@4 004153b9 f   kernel32:KERNEL32.dll
 0002:000043bf       _SetUnhandledExceptionFilter@4 004153bf f   kernel32:KERNEL32.dll
 0002:000043c5       _GetCurrentProcess@0       004153c5 f   kernel32:KERNEL32.dll
 0002:000043cb       _TerminateProcess@8        004153cb f   kernel32:KERNEL32.dll
 0002:000043d1       _IsProcessorFeaturePresent@4 004153d1 f   kernel32:KERNEL32.dll
 0002:000043d7       _IsDebuggerPresent@0       004153d7 f   kernel32:KERNEL32.dll
 0002:000043dd       _RaiseException@16         004153dd f   kernel32:KERNEL32.dll
 0002:000043e3       _MultiByteToWideChar@24    004153e3 f   kernel32:KERNEL32.dll
 0002:000043e9       _WideCharToMultiByte@32    004153e9 f   kernel32:KERNEL32.dll
 0002:000043ef       _QueryPerformanceCounter@4 004153ef f   kernel32:KERNEL32.dll
 0002:000043f5       _GetCurrentProcessId@0     004153f5 f   kernel32:KERNEL32.dll
 0002:000043fb       _GetCurrentThreadId@0      004153fb f   kernel32:KERNEL32.dll
 0002:00004401       _GetSystemTimeAsFileTime@4 00415401 f   kernel32:KERNEL32.dll
 0002:00004407       _InitializeSListHead@4     00415407 f   kernel32:KERNEL32.dll
 0002:0000440d       _GetStartupInfoW@4         0041540d f   kernel32:KERNEL32.dll
 0002:00004413       _GetModuleHandleW@4        00415413 f   kernel32:KERNEL32.dll
 0002:00004419       _GetLastError@0            00415419 f   kernel32:KERNEL32.dll
 0002:0000441f       _HeapAlloc@12              0041541f f   kernel32:KERNEL32.dll
 0002:00004425       _HeapFree@12               00415425 f   kernel32:KERNEL32.dll
 0002:0000442b       _GetProcessHeap@0          0041542b f   kernel32:KERNEL32.dll
 0002:00004431       _VirtualQuery@12           00415431 f   kernel32:KERNEL32.dll
 0002:00004437       _FreeLibrary@4             00415437 f   kernel32:KERNEL32.dll
 0002:0000443d       _GetProcAddress@8          0041543d f   kernel32:KERNEL32.dll
 0002:00004450       ___scrt_stub_for_acrt_initialize 00415450 f   MSVCRTD:ucrt_stubs.obj
 0002:00004450       ___vcrt_initialize         00415450 f   MSVCRTD:ucrt_stubs.obj
 0002:00004450       ___acrt_initialize         00415450 f   MSVCRTD:ucrt_stubs.obj
 0002:00004460       ___scrt_stub_for_acrt_thread_attach 00415460 f   MSVCRTD:ucrt_stubs.obj
 0002:00004460       ___vcrt_thread_attach      00415460 f   MSVCRTD:ucrt_stubs.obj
 0002:00004460       ___acrt_thread_attach      00415460 f   MSVCRTD:ucrt_stubs.obj
 0002:00004470       ___vcrt_thread_detach      00415470 f   MSVCRTD:ucrt_stubs.obj
 0002:00004470       ___scrt_stub_for_acrt_thread_detach 00415470 f   MSVCRTD:ucrt_stubs.obj
 0002:00004470       ___acrt_thread_detach      00415470 f   MSVCRTD:ucrt_stubs.obj
 0002:00004480       ___vcrt_uninitialize       00415480 f   MSVCRTD:ucrt_stubs.obj
 0002:00004480       ___acrt_uninitialize       00415480 f   MSVCRTD:ucrt_stubs.obj
 0002:00004480       ___scrt_stub_for_acrt_uninitialize 00415480 f   MSVCRTD:ucrt_stubs.obj
 0002:00004490       ___acrt_uninitialize_critical 00415490 f   MSVCRTD:ucrt_stubs.obj
 0002:00004490       ___vcrt_uninitialize_critical 00415490 f   MSVCRTD:ucrt_stubs.obj
 0002:00004490       ___scrt_stub_for_acrt_uninitialize_critical 00415490 f   MSVCRTD:ucrt_stubs.obj
 0002:000044a0       __is_c_termination_complete 004154a0 f   MSVCRTD:ucrt_stubs.obj
 0002:000044a0       ___scrt_stub_for_is_c_termination_complete 004154a0 f   MSVCRTD:ucrt_stubs.obj
 0002:000044b0       __filter_x86_sse2_floating_point_exception 004154b0 f   MSVCRTD:x86_exception_filter.obj
 0002:000044b0       __filter_x86_sse2_floating_point_exception_default 004154b0 f   MSVCRTD:x86_exception_filter.obj
 0003:00000000       ___xc_a                    00417000     MSVCRTD:initializers.obj
 0003:00000208       ___xc_z                    00417208     MSVCRTD:initializers.obj
 0003:0000030c       ___xi_a                    0041730c     MSVCRTD:initializers.obj
 0003:00000618       ___xi_z                    00417618     MSVCRTD:initializers.obj
 0003:0000071c       ___xp_a                    0041771c     MSVCRTD:initializers.obj
 0003:00000820       ___xp_z                    00417820     MSVCRTD:initializers.obj
 0003:00000924       ___xt_a                    00417924     MSVCRTD:initializers.obj
 0003:00000a28       ___xt_z                    00417a28     MSVCRTD:initializers.obj
 0003:00000b30       ??_C@_00CNPNBAHC@@         00417b30     framework.obj
 0003:00000b34       ??_C@_07KGMMFLDN@Warning@  00417b34     framework.obj
 0003:00000b40       ??_C@_0BA@KGPGJABH@Nothing?5entered@ 00417b40     framework.obj
 0003:00000c20       ??_C@_0NN@JMPELKLB@The?5value?5of?5ESP?5was?5not?5proper@ 00417c20     MSVCRTD:error.obj
 0003:00000d30       ??_C@_0BBN@ELNNILBE@A?5cast?5to?5a?5smaller?5data?5type?5h@ 00417d30     MSVCRTD:error.obj
 0003:00000e88       ??_C@_0BN@BPOGFMJL@Stack?5memory?5was?5corrupted?$AN?6@ 00417e88     MSVCRTD:error.obj
 0003:00000eac       ??_C@_0DG@DAJCDLPN@A?5local?5variable?5was?5used?5befor@ 00417eac     MSVCRTD:error.obj
 0003:00000eec       ??_C@_0CM@JMIDGKLA@Stack?5memory?5around?5_alloca?5was@ 00417eec     MSVCRTD:error.obj
 0003:00000f20       ??_C@_0BO@CHIONIOI@Unknown?5Runtime?5Check?5Error?$AN?6@ 00417f20     MSVCRTD:error.obj
 0003:00000f48       ??_C@_1GM@CNOOJIHC@?$AAR?$AAu?$AAn?$AAt?$AAi?$AAm?$AAe?$AA?5?$AAC?$AAh?$AAe?$AAc?$AAk?$AA?5?$AAE@ 00417f48     MSVCRTD:error.obj
 0003:00000fd0       ??_C@_1EA@NFKNIFJP@?$AAR?$AAu?$AAn?$AA?9?$AAT?$AAi?$AAm?$AAe?$AA?5?$AAC?$AAh?$AAe?$AAc?$AAk?$AA?5@ 00417fd0     MSVCRTD:error.obj
 0003:0000101c       ??_C@_0BB@PFFGGCJP@Unknown?5Filename@ 0041801c     MSVCRTD:error.obj
 0003:00001030       ??_C@_0BE@GNBOBNCK@Unknown?5Module?5Name@ 00418030     MSVCRTD:error.obj
 0003:00001048       ??_C@_0CA@IODNCDPG@Run?9Time?5Check?5Failure?5?$CD?$CFd?5?9?5?$CFs@ 00418048     MSVCRTD:error.obj
 0003:00001070       ??_C@_0CG@IAFNJNEE@Stack?5corrupted?5near?5unknown?5va@ 00418070     MSVCRTD:error.obj
 0003:000010a0       ??_C@_05MKKEDADM@?$CF?42X?5@ 004180a0     MSVCRTD:error.obj
 0003:000010a8       ??_C@_0EJ@LJKNEOLN@Stack?5area?5around?5_alloca?5memor@ 004180a8     MSVCRTD:error.obj
 0003:00001100       ??_C@_01EEMJAFIK@?6@       00418100     MSVCRTD:error.obj
 0003:00001104       ??_C@_02LLMPMKNF@?$DO?5@   00418104     MSVCRTD:error.obj
 0003:00001108       ??_C@_08OMAHNMHJ@?6Data?3?5?$DM@ 00418108     MSVCRTD:error.obj
 0003:00001114       ??_C@_0CK@DKGBICFE@?6Allocation?5number?5within?5this?5@ 00418114     MSVCRTD:error.obj
 0003:00001148       ??_C@_07DFDJCKFN@?6Size?3?5@ 00418148     MSVCRTD:error.obj
 0003:00001154       ??_C@_0N@MHFFIMFG@?6Address?3?50x@ 00418154     MSVCRTD:error.obj
 0003:00001168       ??_C@_0EI@CLEPFNGI@Stack?5area?5around?5_alloca?5memor@ 00418168     MSVCRTD:error.obj
 0003:000011c0       ??_C@_0BK@ODNDAGKB@?$CFs?$CFs?$CFp?$CFs?$CFzd?$CFs?$CFd?$CFs?$CFs?$CFs?$CFs?$CFs@ 004181c0     MSVCRTD:error.obj
 0003:000011e0       ??_C@_0DE@OHJBPMBP@A?5variable?5is?5being?5used?5withou@ 004181e0     MSVCRTD:error.obj
 0003:00001238       ??_C@_0BJ@HEGAHDFO@Stack?5pointer?5corruption@ 00418238     MSVCRTD:userapi.obj
 0003:00001258       ??_C@_0CK@FEGOIOPB@Cast?5to?5smaller?5type?5causing?5lo@ 00418258     MSVCRTD:userapi.obj
 0003:0000128c       ??_C@_0BI@CIGMDCBH@Stack?5memory?5corruption@ 0041828c     MSVCRTD:userapi.obj
 0003:000012a8       ??_C@_0CK@CNLNOEPB@Local?5variable?5used?5before?5init@ 004182a8     MSVCRTD:userapi.obj
 0003:000012dc       ??_C@_0BP@OGBCLIBO@Stack?5around?5_alloca?5corrupted@ 004182dc     MSVCRTD:userapi.obj
 0003:00001360       ??_C@_1EI@MLPKHBGE@?$AAa?$AAp?$AAi?$AA?9?$AAm?$AAs?$AA?9?$AAw?$AAi?$AAn?$AA?9?$AAc?$AAo?$AAr?$AAe@ 00418360     MSVCRTD:pdblkup.obj
 0003:000013b8       ??_C@_1BK@JHLNAEJL@?$AAa?$AAd?$AAv?$AAa?$AAp?$AAi?$AA3?$AA2?$AA?4?$AAd?$AAl?$AAl@ 004183b8     MSVCRTD:pdblkup.obj
 0003:000013d8       ??_C@_0O@COHOBMLB@RegOpenKeyExW@ 004183d8     MSVCRTD:pdblkup.obj
 0003:000013e8       ??_C@_0BB@GLNAEDBD@RegQueryValueExW@ 004183e8     MSVCRTD:pdblkup.obj
 0003:000013fc       ??_C@_0M@HLOHPNFA@RegCloseKey@ 004183fc     MSVCRTD:pdblkup.obj
 0003:00001410       ??_C@_1HE@EBEAGLFB@?$AAS?$AAO?$AAF?$AAT?$AAW?$AAA?$AAR?$AAE?$AA?2?$AAW?$AAo?$AAw?$AA6?$AA4?$AA3@ 00418410     MSVCRTD:pdblkup.obj
 0003:0000149c       ??_C@_1BG@EABPBLLF@?$AAP?$AAr?$AAo?$AAd?$AAu?$AAc?$AAt?$AAD?$AAi?$AAr@ 0041849c     MSVCRTD:pdblkup.obj
 0003:000014dc       ??_C@_1BC@JINFINNJ@?$AAM?$AAS?$AAP?$AAD?$AAB?$AA1?$AA4?$AA0@ 004184dc     MSVCRTD:pdblkup.obj
 0003:000014f4       ??_C@_0BB@KCIACLNC@PDBOpenValidate5@ 004184f4     MSVCRTD:pdblkup.obj
 0003:00001508       ??_C@_01KDCPPGHE@r@        00418508     MSVCRTD:pdblkup.obj
 0003:00001548       __load_config_used         00418548     MSVCRTD:loadcfg.obj
 0003:00001900       ___rtc_iaa                 00418900     MSVCRTD:initsect.obj
 0003:00001b08       ___rtc_izz                 00418b08     MSVCRTD:initsect.obj
 0003:00001c0c       ___rtc_taa                 00418c0c     MSVCRTD:initsect.obj
 0003:00001e14       ___rtc_tzz                 00418e14     MSVCRTD:initsect.obj
 0004:00000190       ___security_cookie_complement 0041a190     MSVCRTD:gs_cookie.obj
 0004:00000194       ___security_cookie         0041a194     MSVCRTD:gs_cookie.obj
 0004:0000019c       ?_RTC_ErrorLevels@@3PAHA   0041a19c     MSVCRTD:error.obj
 0004:000001b4       ___scrt_native_dllmain_reason 0041a1b4     MSVCRTD:utility.obj
 0004:000001b8       ___scrt_default_matherr    0041a1b8     MSVCRTD:matherr.obj
 0004:000001bc       ___isa_enabled             0041a1bc     MSVCRTD:cpu_disp.obj
 0004:000001c0       ___scrt_ucrt_dll_is_in_use 0041a1c0     MSVCRTD:ucrt_stubs.obj
 0004:000008f8       ?_OptionsStorage@?1??__local_stdio_printf_options@@9@4_KA 0041a8f8     MSVCRTD:error.obj
 0004:00000910       ___scrt_current_native_startup_state 0041a910     MSVCRTD:utility.obj
 0004:00000914       ___scrt_native_startup_lock 0041a914     MSVCRTD:utility.obj
 0004:00000940       ?__type_info_root_node@@3U__type_info_node@@A 0041a940     MSVCRTD:tncleanup.obj
 0004:00000950       ?_OptionsStorage@?1??__local_stdio_scanf_options@@9@4_KA 0041a950     MSVCRTD:default_local_stdio_options.obj
 0004:0000095c       ___scrt_debugger_hook_flag 0041a95c     MSVCRTD:utility_desktop.obj
 0004:00000968       ___isa_available           0041a968     MSVCRTD:cpu_disp.obj
 0004:0000096c       ___favor                   0041a96c     MSVCRTD:cpu_disp.obj
 0004:00000974       __hInstance                0041a974     <common>
 0004:00000980       ___dyn_tls_dtor_callback   0041a980     <common>
 0004:0000098c       ___dyn_tls_init_callback   0041a98c     <common>
 0005:00000000       __imp__GetStartupInfoW@4   0041b000     kernel32:KERNEL32.dll
 0005:00000004       __imp__SetUnhandledExceptionFilter@4 0041b004     kernel32:KERNEL32.dll
 0005:00000008       __imp__GetCurrentProcess@0 0041b008     kernel32:KERNEL32.dll
 0005:0000000c       __imp__TerminateProcess@8  0041b00c     kernel32:KERNEL32.dll
 0005:00000010       __imp__IsProcessorFeaturePresent@4 0041b010     kernel32:KERNEL32.dll
 0005:00000014       __imp__IsDebuggerPresent@0 0041b014     kernel32:KERNEL32.dll
 0005:00000018       __imp__RaiseException@16   0041b018     kernel32:KERNEL32.dll
 0005:0000001c       __imp__GetProcAddress@8    0041b01c     kernel32:KERNEL32.dll
 0005:00000020       __imp__FreeLibrary@4       0041b020     kernel32:KERNEL32.dll
 0005:00000024       __imp__VirtualQuery@12     0041b024     kernel32:KERNEL32.dll
 0005:00000028       __imp__GetProcessHeap@0    0041b028     kernel32:KERNEL32.dll
 0005:0000002c       __imp__HeapFree@12         0041b02c     kernel32:KERNEL32.dll
 0005:00000030       __imp__HeapAlloc@12        0041b030     kernel32:KERNEL32.dll
 0005:00000034       __imp__GetLastError@0      0041b034     kernel32:KERNEL32.dll
 0005:00000038       __imp__GetModuleHandleW@4  0041b038     kernel32:KERNEL32.dll
 0005:0000003c       __imp__UnhandledExceptionFilter@4 0041b03c     kernel32:KERNEL32.dll
 0005:00000040       __imp__InitializeSListHead@4 0041b040     kernel32:KERNEL32.dll
 0005:00000044       __imp__GetSystemTimeAsFileTime@4 0041b044     kernel32:KERNEL32.dll
 0005:00000048       __imp__GetCurrentThreadId@0 0041b048     kernel32:KERNEL32.dll
 0005:0000004c       __imp__GetCurrentProcessId@0 0041b04c     kernel32:KERNEL32.dll
 0005:00000050       __imp__QueryPerformanceCounter@4 0041b050     kernel32:KERNEL32.dll
 0005:00000054       __imp__WideCharToMultiByte@32 0041b054     kernel32:KERNEL32.dll
 0005:00000058       __imp__MultiByteToWideChar@24 0041b058     kernel32:KERNEL32.dll
 0005:0000005c       \177KERNEL32_NULL_THUNK_DATA 0041b05c     kernel32:KERNEL32.dll
 0005:00000098       __imp__GetDlgItemTextA@16  0041b098     user32:USER32.dll
 0005:0000009c       __imp__SetDlgItemTextA@12  0041b09c     user32:USER32.dll
 0005:000000a0       __imp__GetDlgItem@8        0041b0a0     user32:USER32.dll
 0005:000000a4       __imp__EndDialog@8         0041b0a4     user32:USER32.dll
 0005:000000a8       __imp__GetWindowTextLengthA@4 0041b0a8     user32:USER32.dll
 0005:000000ac       __imp__MessageBoxA@16      0041b0ac     user32:USER32.dll
 0005:000000b0       __imp__DialogBoxParamA@20  0041b0b0     user32:USER32.dll
 0005:000000b4       \177USER32_NULL_THUNK_DATA 0041b0b4     user32:USER32.dll
 0005:000000e4       __imp____current_exception_context 0041b0e4     vcruntimed:VCRUNTIME140D.dll
 0005:000000e8       __imp__memset              0041b0e8     vcruntimed:VCRUNTIME140D.dll
 0005:000000ec       __imp___except_handler4_common 0041b0ec     vcruntimed:VCRUNTIME140D.dll
 0005:000000f0       __imp____vcrt_GetModuleFileNameW 0041b0f0     vcruntimed:VCRUNTIME140D.dll
 0005:000000f4       __imp____vcrt_GetModuleHandleW 0041b0f4     vcruntimed:VCRUNTIME140D.dll
 0005:000000f8       __imp____vcrt_LoadLibraryExW 0041b0f8     vcruntimed:VCRUNTIME140D.dll
 0005:000000fc       __imp____current_exception 0041b0fc     vcruntimed:VCRUNTIME140D.dll
 0005:00000100       __imp____std_type_info_destroy_list 0041b100     vcruntimed:VCRUNTIME140D.dll
 0005:00000104       \177VCRUNTIME140D_NULL_THUNK_DATA 0041b104     vcruntimed:VCRUNTIME140D.dll
 0005:00000134       __imp___initialize_onexit_table 0041b134     ucrtd:ucrtbased.dll
 0005:00000138       __imp___register_onexit_function 0041b138     ucrtd:ucrtbased.dll
 0005:0000013c       __imp___execute_onexit_table 0041b13c     ucrtd:ucrtbased.dll
 0005:00000140       __imp___crt_atexit         0041b140     ucrtd:ucrtbased.dll
 0005:00000144       __imp___crt_at_quick_exit  0041b144     ucrtd:ucrtbased.dll
 0005:00000148       __imp___controlfp_s        0041b148     ucrtd:ucrtbased.dll
 0005:0000014c       __imp__terminate           0041b14c     ucrtd:ucrtbased.dll
 0005:00000150       __imp___wmakepath_s        0041b150     ucrtd:ucrtbased.dll
 0005:00000154       __imp___wsplitpath_s       0041b154     ucrtd:ucrtbased.dll
 0005:00000158       __imp__wcscpy_s            0041b158     ucrtd:ucrtbased.dll
 0005:0000015c       __imp____stdio_common_vsprintf_s 0041b15c     ucrtd:ucrtbased.dll
 0005:00000160       __imp___set_fmode          0041b160     ucrtd:ucrtbased.dll
 0005:00000164       __imp__exit                0041b164     ucrtd:ucrtbased.dll
 0005:00000168       __imp___initterm_e         0041b168     ucrtd:ucrtbased.dll
 0005:0000016c       __imp___initterm           0041b16c     ucrtd:ucrtbased.dll
 0005:00000170       __imp___get_narrow_winmain_command_line 0041b170     ucrtd:ucrtbased.dll
 0005:00000174       __imp___initialize_narrow_environment 0041b174     ucrtd:ucrtbased.dll
 0005:00000178       __imp___configure_narrow_argv 0041b178     ucrtd:ucrtbased.dll
 0005:0000017c       __imp____setusermatherr    0041b17c     ucrtd:ucrtbased.dll
 0005:00000180       __imp___set_app_type       0041b180     ucrtd:ucrtbased.dll
 0005:00000184       __imp___seh_filter_exe     0041b184     ucrtd:ucrtbased.dll
 0005:00000188       __imp___CrtDbgReportW      0041b188     ucrtd:ucrtbased.dll
 0005:0000018c       __imp___CrtDbgReport       0041b18c     ucrtd:ucrtbased.dll
 0005:00000190       __imp__strcpy              0041b190     ucrtd:ucrtbased.dll
 0005:00000194       __imp___seh_filter_dll     0041b194     ucrtd:ucrtbased.dll
 0005:00000198       __imp__strcpy_s            0041b198     ucrtd:ucrtbased.dll
 0005:0000019c       __imp____p__commode        0041b19c     ucrtd:ucrtbased.dll
 0005:000001a0       __imp___set_new_mode       0041b1a0     ucrtd:ucrtbased.dll
 0005:000001a4       __imp___configthreadlocale 0041b1a4     ucrtd:ucrtbased.dll
 0005:000001a8       __imp___register_thread_local_exe_atexit_callback 0041b1a8     ucrtd:ucrtbased.dll
 0005:000001ac       __imp___c_exit             0041b1ac     ucrtd:ucrtbased.dll
 0005:000001b0       __imp___exit               0041b1b0     ucrtd:ucrtbased.dll
 0005:000001b4       __imp___cexit              0041b1b4     ucrtd:ucrtbased.dll
 0005:000001b8       __imp__strcat_s            0041b1b8     ucrtd:ucrtbased.dll
 0005:000001bc       \177ucrtbased_NULL_THUNK_DATA 0041b1bc     ucrtd:ucrtbased.dll
 0005:00000200       __IMPORT_DESCRIPTOR_USER32 0041b200     user32:USER32.dll
 0005:00000214       __IMPORT_DESCRIPTOR_VCRUNTIME140D 0041b214     vcruntimed:VCRUNTIME140D.dll
 0005:00000228       __IMPORT_DESCRIPTOR_ucrtbased 0041b228     ucrtd:ucrtbased.dll
 0005:0000023c       __IMPORT_DESCRIPTOR_KERNEL32 0041b23c     kernel32:KERNEL32.dll
 0005:00000250       __NULL_IMPORT_DESCRIPTOR   0041b250     user32:USER32.dll
 0006:00000000       ___guard_check_icall_fptr  0041c000     MSVCRTD:guard_support.obj
 0006:00000004       ___guard_xfg_check_icall_fptr 0041c004     MSVCRTD:guard_support.obj

 entry point at        0002:00000262

 Static symbols

 0000:fffe4000       __guard_fids___except_handler4 00400000     MSVCRTD:chandler4gs.obj
 0000:fffe4000       __guard_fids_?pre_c_initialization@@YAHXZ 00400000     MSVCRTD:exe_winmain.obj
 0000:fffe4000       __guard_fids__             00400000     MSVCRTD:exe_winmain.obj
 0000:fffe4000       __guard_fids__             00400000     MSVCRTD:guard_support.obj
 0000:fffe4000       __guard_fids__             00400000     MSVCRTD:guard_support.obj
 0000:fffe4000       __guard_fids___guard_icall_checks_enforced 00400000     MSVCRTD:guard_support.obj
 0000:fffe4000       __guard_fids___CRT_RTC_INIT 00400000     MSVCRTD:init.obj
 0000:fffe4000       __guard_fids___CRT_RTC_INITW 00400000     MSVCRTD:init.obj
 0000:fffe4000       __guard_fids____scrt_set_unhandled_exception_filter 00400000     MSVCRTD:utility_desktop.obj
 0000:fffe2000       .debug$S                   00400000     vcruntimed:VCRUNTIME140D.dll
 0000:fffe2000       .debug$S                   00400000     vcruntimed:VCRUNTIME140D.dll
 0000:fffe2000       .debug$S                   00400000     vcruntimed:VCRUNTIME140D.dll
 0000:fffe2000       .debug$S                   00400000     vcruntimed:VCRUNTIME140D.dll
 0000:fffe2000       .debug$S                   00400000     vcruntimed:VCRUNTIME140D.dll
 0000:fffe2000       .debug$S                   00400000     vcruntimed:VCRUNTIME140D.dll
 0000:fffe2000       .debug$S                   00400000     vcruntimed:VCRUNTIME140D.dll
 0000:fffe2000       .debug$S                   00400000     vcruntimed:VCRUNTIME140D.dll
 0000:fffe2000       .debug$S                   00400000     ucrtd:ucrtbased.dll
 0000:fffe2000       .debug$S                   00400000     ucrtd:ucrtbased.dll
 0000:fffe2000       .debug$S                   00400000     ucrtd:ucrtbased.dll
 0000:fffe2000       .debug$S                   00400000     ucrtd:ucrtbased.dll
 0000:fffe2000       .debug$S                   00400000     ucrtd:ucrtbased.dll
 0000:fffe2000       .debug$S                   00400000     ucrtd:ucrtbased.dll
 0000:fffe2000       .debug$S                   00400000     ucrtd:ucrtbased.dll
 0000:fffe2000       .debug$S                   00400000     ucrtd:ucrtbased.dll
 0000:fffe2000       .debug$S                   00400000     ucrtd:ucrtbased.dll
 0000:fffe2000       .debug$S                   00400000     ucrtd:ucrtbased.dll
 0000:fffe2000       .debug$S                   00400000     ucrtd:ucrtbased.dll
 0000:fffe2000       .debug$S                   00400000     ucrtd:ucrtbased.dll
 0000:fffe2000       .debug$S                   00400000     ucrtd:ucrtbased.dll
 0000:fffe2000       .debug$S                   00400000     ucrtd:ucrtbased.dll
 0000:fffe2000       .debug$S                   00400000     ucrtd:ucrtbased.dll
 0000:fffe2000       .debug$S                   00400000     ucrtd:ucrtbased.dll
 0000:fffe2000       .debug$S                   00400000     ucrtd:ucrtbased.dll
 0000:fffe2000       .debug$S                   00400000     ucrtd:ucrtbased.dll
 0000:fffe2000       .debug$S                   00400000     ucrtd:ucrtbased.dll
 0000:fffe2000       .debug$S                   00400000     ucrtd:ucrtbased.dll
 0000:fffe2000       .debug$S                   00400000     ucrtd:ucrtbased.dll
 0000:fffe2000       .debug$S                   00400000     ucrtd:ucrtbased.dll
 0000:fffe2000       .debug$S                   00400000     ucrtd:ucrtbased.dll
 0000:fffe2000       .debug$S                   00400000     ucrtd:ucrtbased.dll
 0000:fffe2000       .debug$S                   00400000     ucrtd:ucrtbased.dll
 0000:fffe2000       .debug$S                   00400000     ucrtd:ucrtbased.dll
 0000:fffe2000       .debug$S                   00400000     ucrtd:ucrtbased.dll
 0000:fffe2000       .debug$S                   00400000     ucrtd:ucrtbased.dll
 0000:fffe2000       .debug$S                   00400000     ucrtd:ucrtbased.dll
 0000:fffe2000       .debug$S                   00400000     ucrtd:ucrtbased.dll
 0000:fffe2000       .debug$S                   00400000     ucrtd:ucrtbased.dll
 0000:fffe2000       .debug$S                   00400000     ucrtd:ucrtbased.dll
 0000:fffe2000       .debug$S                   00400000     ucrtd:ucrtbased.dll
 0000:fffe2000       .debug$S                   00400000     ucrtd:ucrtbased.dll
 0000:fffe2000       .debug$S                   00400000     kernel32:KERNEL32.dll
 0000:fffe2000       .debug$S                   00400000     kernel32:KERNEL32.dll
 0000:fffe2000       .debug$S                   00400000     kernel32:KERNEL32.dll
 0000:fffe2000       .debug$S                   00400000     kernel32:KERNEL32.dll
 0000:fffe2000       .debug$S                   00400000     kernel32:KERNEL32.dll
 0000:fffe2000       .debug$S                   00400000     kernel32:KERNEL32.dll
 0000:fffe2000       .debug$S                   00400000     kernel32:KERNEL32.dll
 0000:fffe2000       .debug$S                   00400000     kernel32:KERNEL32.dll
 0000:fffe2000       .debug$S                   00400000     kernel32:KERNEL32.dll
 0000:fffe2000       .debug$S                   00400000     kernel32:KERNEL32.dll
 0000:fffe2000       .debug$S                   00400000     kernel32:KERNEL32.dll
 0000:fffe2000       .debug$S                   00400000     kernel32:KERNEL32.dll
 0000:fffe2000       .debug$S                   00400000     kernel32:KERNEL32.dll
 0000:fffe2000       .debug$S                   00400000     kernel32:KERNEL32.dll
 0000:fffe2000       .debug$S                   00400000     kernel32:KERNEL32.dll
 0000:fffe2000       .debug$S                   00400000     kernel32:KERNEL32.dll
 0000:fffe2000       .debug$S                   00400000     kernel32:KERNEL32.dll
 0000:fffe2000       .debug$S                   00400000     kernel32:KERNEL32.dll
 0000:fffe2000       .debug$S                   00400000     kernel32:KERNEL32.dll
 0000:fffe2000       .debug$S                   00400000     kernel32:KERNEL32.dll
 0000:fffe2000       .debug$S                   00400000     kernel32:KERNEL32.dll
 0000:fffe2000       .debug$S                   00400000     kernel32:KERNEL32.dll
 0000:fffe2000       .debug$S                   00400000     kernel32:KERNEL32.dll
 0000:fffe2000       .debug$S                   00400000     user32:USER32.dll
 0000:fffe2000       .debug$S                   00400000     user32:USER32.dll
 0000:fffe2000       .debug$S                   00400000     user32:USER32.dll
 0000:fffe2000       .debug$S                   00400000     user32:USER32.dll
 0000:fffe2000       .debug$S                   00400000     user32:USER32.dll
 0000:fffe2000       .debug$S                   00400000     user32:USER32.dll
 0000:fffe2000       .debug$S                   00400000     user32:USER32.dll
 0000:fffe4004       __guard_fids__             00400004     MSVCRTD:exe_winmain.obj
 0000:fffe4008       __guard_fids__             00400008     MSVCRTD:exe_winmain.obj
 0002:00000ad0       $$000000                   00411ad0     example.obj
 0002:00000db0       $$000000                   00411db0     io.obj
 0002:00001680       ?pre_c_initialization@@YAHXZ 00412680 f   MSVCRTD:exe_winmain.obj
 0002:00001760       ?post_pgo_initialization@@YAHXZ 00412760 f   MSVCRTD:exe_winmain.obj
 0002:00001770       ?pre_cpp_initialization@@YAXXZ 00412770 f   MSVCRTD:exe_winmain.obj
 0002:00001790       ?__scrt_common_main@@YAHXZ 00412790 f   MSVCRTD:exe_winmain.obj
 0002:000017b0       ?__scrt_common_main_seh@@YAHXZ 004127b0 f   MSVCRTD:exe_winmain.obj
 0002:00001a80       ?invoke_main@@YAHXZ        00412a80 f   MSVCRTD:exe_winmain.obj
 0002:00001b30       ?DebuggerProbe@@YA_NK@Z    00412b30 f   MSVCRTD:error.obj
 0002:00001b80       ?DebuggerRuntime@@YA_NKHPAXPB_W@Z 00412b80 f   MSVCRTD:error.obj
 0002:00001e50       ?_getMemBlockDataString@@YAXPAD0PBDI@Z 00412e50 f   MSVCRTD:error.obj
 0002:00001ee0       ?_strlen_priv@@YAIPBD@Z    00412ee0 f   MSVCRTD:error.obj
 0002:00001f00       ?failwithmessage@@YAXPAXHHPBD@Z 00412f00 f   MSVCRTD:error.obj
 0002:00002180       ?notify_debugger@@YAXABUtagEXCEPTION_VISUALCPP_DEBUG_INFO@@@Z 00413180 f   MSVCRTD:error.obj
 0002:00002460       ?find_pe_section@@YAPAU_IMAGE_SECTION_HEADER@@QAEI@Z 00413460 f   MSVCRTD:utility.obj
 0002:00002510       ?is_potentially_valid_image_base@@YA_NQAX@Z 00413510 f   MSVCRTD:utility.obj
 0002:00002c20       ___get_entropy             00413c20 f   MSVCRTD:gs_support.obj
 0002:00003400       ?GetPdbDll@@YAPAUHINSTANCE__@@XZ 00414400 f   MSVCRTD:pdblkup.obj
 0002:00003590       ?GetPdbDllFromInstallPath@@YAPAUHINSTANCE__@@XZ 00414590 f   MSVCRTD:pdblkup.obj
 0002:00003880       ?GetPdbDllPathFromFilePath@@YAHPB_WPA_WI@Z 00414880 f   MSVCRTD:pdblkup.obj
 0003:00000104       ?pre_cpp_initializer@@3P6AXXZA 00417104     MSVCRTD:exe_winmain.obj
 0003:00000410       ?pre_c_initializer@@3P6AHXZA 00417410     MSVCRTD:exe_winmain.obj
 0003:00000514       ?post_pgo_initializer@@3P6AHXZA 00417514     MSVCRTD:exe_winmain.obj
 0003:00000b54       _GS_ExceptionPointers      00417b54     MSVCRTD:gs_report.obj
 0003:00000b60       ?_RTC_ErrorMessages@@3QBQBDB 00417b60     MSVCRTD:error.obj
 0003:00000b78       ?_RTC_NoFalsePositives@@3QBHB 00417b78     MSVCRTD:error.obj
 0003:00000b90       ?stack_premsg@@3QBDB       00417b90     MSVCRTD:error.obj
 0003:00000bac       ?stack_postmsg@@3QBDB      00417bac     MSVCRTD:error.obj
 0003:00000bc0       ?uninit_premsg@@3QBDB      00417bc0     MSVCRTD:error.obj
 0003:00000bd0       ?uninit_postmsg@@3QBDB     00417bd0     MSVCRTD:error.obj
 0003:00001220       ?_RTC_errlist@@3QBQBDB     00418220     MSVCRTD:userapi.obj
 0003:00001304       ?mspdbName@@3QB_WB         00418304     MSVCRTD:pdblkup.obj
 0003:00001328       ?debugCrtFileName@@3QB_WB  00418328     MSVCRTD:pdblkup.obj
 0003:000014b8       ?dllExt@?1??GetPdbDllPathFromFilePath@@YAHPB_WPA_WI@Z@4QB_WB 004184b8     MSVCRTD:pdblkup.obj
 0003:000014c4       ?mspdbFilename@?1??GetPdbDllPathFromFilePath@@YAHPB_WPA_WI@Z@4QB_WB 004184c4     MSVCRTD:pdblkup.obj
 0003:00001a04       __RTC_InitBase.rtc$IMZ     00418a04     framework.obj
 0003:00001d10       __RTC_Shutdown.rtc$TMZ     00418d10     framework.obj
 0003:00001f18       __sehtable$?__scrt_common_main_seh@@YAHXZ 00418f18     MSVCRTD:exe_winmain.obj
 0003:00001f38       __sehtable$?notify_debugger@@YAXABUtagEXCEPTION_VISUALCPP_DEBUG_INFO@@@Z 00418f38     MSVCRTD:error.obj
 0003:00001f58       __sehtable$___scrt_is_nonwritable_in_current_image 00418f58     MSVCRTD:utility.obj
 0004:00000000       number1                    0041a000     example.obj
 0004:00000004       number2                    0041a004     example.obj
 0004:00000008       number3                    0041a008     example.obj
 0004:0000000c       number4                    0041a00c     example.obj
 0004:00000010       prompt1                    0041a010     example.obj
 0004:00000023       prompt2                    0041a023     example.obj
 0004:00000037       prompt3                    0041a037     example.obj
 0004:0000004a       prompt4                    0041a04a     example.obj
 0004:0000005e       string                     0041a05e     example.obj
 0004:00000086       resultLbl                  0041a086     example.obj
 0004:0000008e       resultLbl2                 0041a08e     example.obj
 0004:00000099       message                    0041a099     example.obj
 0004:000000ab       num1Val                    0041a0ab     example.obj
 0004:000000b6       num2Val                    0041a0b6     example.obj
 0004:000000c1       num3Val                    0041a0c1     example.obj
 0004:000000cc       num4Val                    0041a0cc     example.obj
 0004:000000dd       eaxVal                     0041a0dd     example.obj
 0004:000000e9       message2                   0041a0e9     example.obj
 0004:000000f3       average                    0041a0f3     example.obj
 0004:00000118       num1Value                  0041a118     example.obj
 0004:00000123       num1Diff                   0041a123     example.obj
 0004:00000130       num2Value                  0041a130     example.obj
 0004:0000013b       num2Diff                   0041a13b     example.obj
 0004:00000148       num3Value                  0041a148     example.obj
 0004:00000153       num3Diff                   0041a153     example.obj
 0004:00000160       num4Value                  0041a160     example.obj
 0004:0000016b       num4Diff                   0041a16b     example.obj
 0004:000002d0       _buf                       0041a2d0     framework.obj
 0004:000003d0       _inputLabel                0041a3d0     framework.obj
 0004:00000538       _GS_ExceptionRecord        0041a538     MSVCRTD:gs_report.obj
 0004:00000588       _GS_ContextRecord          0041a588     MSVCRTD:gs_report.obj
 0004:000008f3       ?init@?1??_RTC_InitBase@@9@4_NA 0041a8f3     MSVCRTD:init.obj
 0004:00000904       ?_RTC_ErrorReportFunc@@3P6AHHPBDH00ZZA 0041a904     MSVCRTD:userapi.obj
 0004:00000908       ?_RTC_ErrorReportFuncW@@3P6AHHPB_WH00ZZA 0041a908     MSVCRTD:userapi.obj
 0004:00000918       ?is_initialized_as_dll@@3_NA 0041a918     MSVCRTD:utility.obj
 0004:00000919       ?module_local_atexit_table_initialized@@3_NA 0041a919     MSVCRTD:utility.obj
 0004:0000091c       ?module_local_atexit_table@@3U_onexit_table_t@@A 0041a91c     MSVCRTD:utility.obj
 0004:00000928       ?module_local_at_quick_exit_table@@3U_onexit_table_t@@A 0041a928     MSVCRTD:utility.obj
 0004:00000960       ?mspdb@@3PAUHINSTANCE__@@A 0041a960     MSVCRTD:pdblkup.obj
 0004:00000964       ?alreadyTried@?1??GetPdbDll@@YAPAUHINSTANCE__@@XZ@4_NA 0041a964     MSVCRTD:pdblkup.obj
 0004:00000965       ?PDBOK@?1??_RTC_GetSrcLine@@YAHPAEPA_WKPAH1K@Z@4_NA 0041a965     MSVCRTD:pdblkup.obj
 0005:000004da       .idata$6                   0041b4da     user32:USER32.dll
 0005:000005ac       .idata$6                   0041b5ac     vcruntimed:VCRUNTIME140D.dll
 0005:00000832       .idata$6                   0041b832     ucrtd:ucrtbased.dll
 0005:00000a16       .idata$6                   0041ba16     kernel32:KERNEL32.dll
 0007:000001c0       $R000000                   0041d1c0     framework.res
 0007:00000268       $R0000A8                   0041d268     framework.res
